\BOOKMARK [0][-]{chapter.1}{\376\377\005\336\005\321\005\325\005\320\000\040\005\334\005\352\005\331\005\320\005\325\005\335\000\040\005\333\005\334\005\331\005\335\000\040\005\336\005\350\005\325\005\321\005\331\005\335\000\040\005\321\005\341\005\325\005\333\005\340\005\331\000\040\000L\000L\000M}{}% 1
\BOOKMARK [1][-]{section.1.1}{\376\377\005\324\005\320\005\321\005\325\005\334\005\325\005\346\005\331\005\324\000\040\005\351\005\334\000\040\005\341\005\325\005\333\005\340\005\331\000\040\000A\000I}{chapter.1}% 2
\BOOKMARK [1][-]{section.1.2}{\376\377\005\324\005\322\005\323\005\350\005\352\000\040\005\352\005\331\005\320\005\325\005\335\000\040\005\333\005\334\005\331\005\335}{chapter.1}% 3
\BOOKMARK [0][-]{chapter.2}{\376\377\005\336\005\342\005\350\005\333\005\325\005\352\000\040\005\340\005\331\005\352\005\325\005\321\000\040\005\333\005\334\005\331\005\335\000\040\005\336\005\325\005\347\005\323\005\336\005\325\005\352}{}% 4
\BOOKMARK [1][-]{section.2.1}{\376\377\000R\000e\000A\000c\000t\000:\000\040\005\324\005\346\005\342\005\323\000\040\005\324\005\350\005\320\005\351\005\325\005\337}{chapter.2}% 5
\BOOKMARK [1][-]{section.2.2}{\376\377\000T\000o\000o\000l\000f\000o\000r\000m\000e\000r\000:\000\040\005\334\005\336\005\331\005\323\005\352\000\040\005\351\005\331\005\336\005\325\005\351\000\040\005\321\005\333\005\334\005\331\005\335}{chapter.2}% 6
\BOOKMARK [1][-]{section.2.3}{\376\377\000T\000o\000o\000l\000L\000L\000M\000:\000\040\005\336\005\320\005\322\005\350\000\040\005\333\005\334\005\331\005\335\000\040\005\321\005\347\005\340\005\324\000\040\005\336\005\331\005\323\005\324\000\040\005\322\005\323\005\325\005\334}{chapter.2}% 7
\BOOKMARK [0][-]{chapter.3}{\376\377\005\336\005\341\005\322\005\350\005\325\005\352\000\040\005\352\005\331\005\320\005\325\005\335\000\040\005\336\005\325\005\323\005\350\005\340\005\331\005\325\005\352}{}% 8
\BOOKMARK [1][-]{section.3.1}{\376\377\000A\000u\000t\000o\000G\000e\000n\000:\000\040\005\351\005\331\005\327\005\325\005\352\000\040\005\350\005\321\000-\005\341\005\325\005\333\005\337}{chapter.3}% 9
\BOOKMARK [1][-]{section.3.2}{\376\377\000M\000e\000t\000a\000G\000P\000T\000:\000\040\005\352\005\344\005\347\005\331\005\323\005\331\005\335\000\040\005\336\005\347\005\346\005\325\005\342\005\331\005\331\005\335}{chapter.3}% 10
\BOOKMARK [1][-]{section.3.3}{\376\377\000C\000r\000e\000w\000A\000I\000:\000\040\005\352\005\344\005\347\005\331\005\323\005\331\005\335\000\040\005\322\005\336\005\331\005\351\005\331\005\335}{chapter.3}% 11
\BOOKMARK [0][-]{chapter.4}{\376\377\005\333\005\334\005\333\005\334\005\352\000\040\005\320\005\341\005\331\005\336\005\325\005\340\005\331\005\335\000\040\000\050\000T\000o\000k\000e\000n\000\040\000E\000c\000o\000n\000o\000m\000i\000c\000s\000\051}{}% 12
\BOOKMARK [1][-]{section.4.1}{\376\377\005\336\005\325\005\323\005\334\000\040\005\342\005\334\005\325\005\352\000\040\005\324\005\341\005\325\005\333\005\337}{chapter.4}% 13
\BOOKMARK [1][-]{section.4.2}{\376\377\005\340\005\331\005\352\005\325\005\321\000\040\005\327\005\333\005\335\000\040\005\334\005\327\005\331\005\341\005\333\005\325\005\337}{chapter.4}% 14
\BOOKMARK [1][-]{section.4.3}{\376\377\005\336\005\347\005\321\005\325\005\334\005\331\005\325\005\352\000\040\005\325\005\342\005\334\005\325\005\352}{chapter.4}% 15
\BOOKMARK [0][-]{chapter.5}{\376\377\005\340\005\331\005\341\005\325\005\331\005\331\005\335\000\040\005\325\005\352\005\325\005\346\005\320\005\325\005\352}{}% 16
\BOOKMARK [1][-]{section.5.1}{\376\377\005\344\005\350\005\325\005\330\005\325\005\347\005\325\005\334\000\040\005\324\005\342\005\350\005\333\005\324}{chapter.5}% 17
\BOOKMARK [1][-]{section.5.2}{\376\377\005\352\005\325\005\346\005\320\005\325\005\352}{chapter.5}% 18
\BOOKMARK [1][-]{section.5.3}{\376\377\005\340\005\331\005\352\005\325\005\327\000\040\005\333\005\351\005\334\005\331\005\335}{chapter.5}% 19
\BOOKMARK [0][-]{chapter.6}{\376\377\005\341\005\331\005\333\005\325\005\335\000:\000\040\005\334\005\320\005\337\000\040\005\336\005\325\005\321\005\331\005\334\000\040\005\342\005\352\005\331\005\323\000\040\005\324\005\352\005\331\005\320\005\325\005\335}{}% 20
\BOOKMARK [1][-]{section.6.1}{\376\377\005\352\005\336\005\325\005\340\005\352\000\040\005\324\005\336\005\346\005\321}{chapter.6}% 21
\BOOKMARK [1][-]{section.6.2}{\376\377\005\333\005\331\005\325\005\325\005\340\005\331\005\335\000\040\005\342\005\352\005\331\005\323\005\331\005\331\005\335}{chapter.6}% 22
\BOOKMARK [0][-]{chapter.7}{\376\377\005\323\005\344\005\325\005\341\005\331\000\040\005\352\005\331\005\320\005\325\005\335\000\040\005\336\005\352\005\347\005\323\005\336\005\331\005\335}{}% 23
\BOOKMARK [1][-]{section.7.1}{\376\377\005\323\005\344\005\325\005\341\000\040\005\324\005\323\005\331\005\321\005\331\005\331\005\330\000\040\000\050\000D\000e\000b\000a\000t\000e\000\040\000P\000a\000t\000t\000e\000r\000n\000\051}{chapter.7}% 24
\BOOKMARK [1][-]{section.7.2}{\376\377\005\323\005\344\005\325\005\341\000\040\000R\000e\000f\000l\000e\000c\000t\000i\000o\000n}{chapter.7}% 25
\BOOKMARK [0][-]{chapter.8}{\376\377\005\336\005\341\005\322\005\350\005\352\000\040\005\324\005\342\005\350\005\333\005\324\000\040\005\325\005\342\005\352\005\331\005\323\000\040\005\324\005\352\005\331\005\320\005\325\005\335}{}% 26
\BOOKMARK [1][-]{section.8.1}{\376\377\005\336\005\323\005\323\005\331\000\040\005\324\005\342\005\350\005\333\005\352\000\040\005\352\005\331\005\320\005\325\005\335}{chapter.8}% 27
\BOOKMARK [1][-]{section.8.2}{\376\377\005\344\005\350\005\325\005\330\005\325\005\347\005\325\005\334\000\040\000A\0002\000A\000\040\005\320\005\327\005\331\005\323}{chapter.8}% 28
\BOOKMARK [1][-]{section.8.3}{\376\377\005\336\005\341\005\347\005\340\005\325\005\352}{chapter.8}% 29
\BOOKMARK [0][-]{chapter.9}{\376\377\005\342\005\321\005\325\005\323\005\325\005\352\000\040\005\347\005\351\005\325\005\350\005\325\005\352\000:\000\040\005\352\005\331\005\320\005\325\005\335\000\040\005\325\005\336\005\327\005\347\005\350\000\040\005\341\005\325\005\333\005\340\005\331\005\335}{}% 30
\BOOKMARK [1][-]{section.9.1}{\376\377\005\341\005\325\005\333\005\340\005\331\005\335\000\040\005\342\005\335\000\040\005\333\005\334\005\331\005\335\000:\000\040\005\324\005\323\005\325\005\350\000\040\005\324\005\350\005\320\005\351\005\325\005\337}{chapter.9}% 31
\BOOKMARK [1][-]{section.9.2}{\376\377\005\336\005\336\005\351\005\347\000\040\005\333\005\334\005\331\005\335}{chapter.9}% 32
\BOOKMARK [1][-]{section.9.3}{\376\377\005\336\005\341\005\322\005\350\005\325\005\352\000\040\005\350\005\321\000-\005\341\005\325\005\333\005\337}{chapter.9}% 33
\BOOKMARK [1][-]{section.9.4}{\376\377\005\336\005\327\005\347\005\350\005\331\000\040\005\342\005\334\005\325\005\352\000\040\005\325\005\331\005\342\005\331\005\334\005\325\005\352}{chapter.9}% 34
\BOOKMARK [1][-]{section.9.5}{\376\377\005\333\005\331\005\325\005\325\005\337\000\040\005\336\005\351\005\325\005\334\005\321}{chapter.9}% 35
\BOOKMARK [0][-]{chapter.10}{\376\377\005\340\005\341\005\344\005\327\000:\000\040\005\344\005\350\005\330\005\331\005\335\000\040\005\330\005\333\005\340\005\331\005\331\005\335\000\040\005\336\005\351\005\334\005\331\005\336\005\331\005\335}{}% 36
\BOOKMARK [1][-]{section.10.1}{\376\377\005\324\005\322\005\323\005\350\005\325\005\352\000\040\005\336\005\352\005\336\005\330\005\331\005\325\005\352\000\040\005\336\005\334\005\320\005\325\005\352}{chapter.10}% 37
\BOOKMARK [1][-]{section.10.2}{\376\377\005\344\005\350\005\330\005\331\000\040\005\336\005\331\005\336\005\325\005\351}{chapter.10}% 38
\BOOKMARK [1][-]{section.10.3}{\376\377\005\350\005\351\005\331\005\336\005\352\000\040\000H\000y\000p\000e\000r\000p\000a\000r\000a\000m\000e\000t\000e\000r\000s}{chapter.10}% 39
