\BOOKMARK [0][-]{chapter.1}{\376\377\005\336\005\321\005\325\005\320\000\040\005\334\005\320\005\350\005\333\005\331\005\330\005\347\005\330\005\325\005\350\005\325\005\352\000\040\000T\000r\000a\000n\000s\000f\000o\000r\000m\000e\000r}{}% 1
\BOOKMARK [1][-]{section.1.1}{\376\377\005\324\005\347\005\323\005\336\005\324\000:\000\040\005\336\005\324\005\344\005\333\005\324\000\040\005\321\005\342\005\331\005\321\005\325\005\323\000\040\005\351\005\344\005\324\000\040\005\330\005\321\005\342\005\331\005\352}{chapter.1}% 2
\BOOKMARK [1][-]{section.1.2}{\376\377\005\321\005\342\005\331\005\331\005\352\000\040\005\324\005\320\005\331\005\334\005\325\005\345\000\040\005\324\005\350\005\347\005\325\005\350\005\340\005\330\005\331\000\040\005\325\005\347\005\331\005\325\005\335\000\040\005\324\005\330\005\342\005\335}{chapter.1}% 3
\BOOKMARK [1][-]{section.1.3}{\376\377\005\342\005\323\005\333\005\325\005\340\005\331\000\040\005\336\005\344\005\352\005\327\000\040\005\321\005\320\005\350\005\333\005\331\005\330\005\347\005\330\005\325\005\350\005\325\005\352\000\040\005\323\005\322\005\335\000\040\005\351\005\344\005\324}{chapter.1}% 4
\BOOKMARK [1][-]{section.1.4}{\376\377\005\331\005\342\005\323\005\331\005\335\000\040\005\325\005\352\005\350\005\325\005\336\005\325\005\352\000\040\005\351\005\334\000\040\005\324\005\341\005\344\005\350\000\040\005\324\005\326\005\324}{chapter.1}% 5
\BOOKMARK [0][-]{chapter.2}{\376\377\005\320\005\350\005\333\005\331\005\330\005\347\005\330\005\325\005\350\005\352\000\040\005\324\005\351\005\340\005\320\005\331}{}% 6
\BOOKMARK [1][-]{section.2.1}{\376\377\005\331\005\341\005\325\005\323\005\325\005\352\000\040\005\324\005\336\005\340\005\322\005\340\005\325\005\337\000-\005\347\005\351\005\321}{chapter.2}% 7
\BOOKMARK [1][-]{section.2.2}{\376\377\005\320\005\350\005\333\005\331\005\330\005\347\005\330\005\325\005\350\005\352\000\040\000M\000u\000l\000t\000i\000-\000H\000e\000a\000d\000\040\000A\000t\000t\000e\000n\000t\000i\000o\000n}{chapter.2}% 8
\BOOKMARK [1][-]{section.2.3}{\376\377\005\324\005\351\005\333\005\321\005\325\005\352\000\040\005\324\005\334\005\331\005\340\005\320\005\350\005\331\005\325\005\352\000\040\005\325\005\324\005\324\005\340\005\323\005\341\005\324\000\040\005\324\005\344\005\340\005\331\005\336\005\331\005\352}{chapter.2}% 9
\BOOKMARK [1][-]{section.2.4}{\376\377\005\340\005\325\005\350\005\336\005\334\005\331\005\326\005\346\005\331\005\324\000\040\005\325\005\327\005\331\005\321\005\325\005\350\005\331\005\335\000\040\005\351\005\331\005\325\005\350\005\331\005\331\005\335}{chapter.2}% 10
\BOOKMARK [1][-]{section.2.5}{\376\377\005\347\005\331\005\323\005\325\005\323\000\040\005\336\005\331\005\347\005\325\005\335\000\040\005\325\005\330\005\321\005\334\005\320\005\325\005\352\000\040\005\324\005\330\005\336\005\342\005\324}{chapter.2}% 11
\BOOKMARK [1][-]{section.2.6}{\376\377\005\341\005\331\005\333\005\325\005\335\000\040\005\325\005\351\005\331\005\336\005\325\005\351\000\040\005\321\000-\000E\000L\000E\000C\000T\000R\000A}{chapter.2}% 12
\BOOKMARK [0][-]{chapter.3}{\376\377\005\323\005\325\000-\005\333\005\331\005\325\005\325\005\340\005\331\005\325\005\352}{}% 13
\BOOKMARK [1][-]{section.3.1}{\376\377\005\320\005\350\005\333\005\331\005\330\005\347\005\330\005\325\005\350\005\352\000\040\000S\000e\000q\000u\000e\000n\000c\000e\000-\000t\000o\000-\000S\000e\000q\000u\000e\000n\000c\000e\000\040\000L\000S\000T\000M}{chapter.3}% 14
\BOOKMARK [1][-]{section.3.2}{\376\377\005\352\005\327\005\326\005\325\005\347\005\352\000\040\005\350\005\322\005\350\005\341\005\331\005\324\000\040\005\351\005\334\000\040\005\344\005\350\005\336\005\330\005\350\005\331\005\335\000:\000\040\005\336\005\351\005\350\005\342\005\352\000,\000\040\005\352\005\323\005\350\000\040\005\325\005\344\005\320\005\326\005\324}{chapter.3}% 15
\BOOKMARK [1][-]{section.3.3}{\376\377\005\336\005\340\005\322\005\340\005\325\005\340\005\331\000\040\005\347\005\351\005\321\000\040\005\325\005\327\005\331\005\321\005\325\005\350\005\331\005\335\000\040\005\351\005\331\005\325\005\350\005\331\005\335}{chapter.3}% 16
\BOOKMARK [0][-]{chapter.4}{\376\377\005\320\005\350\005\333\005\331\005\330\005\347\005\330\005\325\005\350\005\325\005\352\000\040\005\336\005\352\005\347\005\323\005\336\005\325\005\352}{}% 17
\BOOKMARK [1][-]{section.4.1}{\376\377\005\342\005\331\005\321\005\325\005\323\000\040\005\321\005\352\005\327\005\325\005\335\000\040\005\324\005\352\005\323\005\350\000:\000\040\000S\000T\000F\000T\000\040\005\325\005\341\005\331\005\333\005\325\005\332\000\040\005\341\005\344\005\347\005\330\005\350\005\334\005\331}{chapter.4}% 18
\BOOKMARK [1][-]{section.4.2}{\376\377\005\320\005\350\005\333\005\331\005\330\005\347\005\330\005\325\005\350\005\325\005\352\000\040\005\324\005\331\005\321\005\350\005\331\005\323\005\331\005\325\005\352\000\040\000C\000N\000N\000-\000L\000S\000T\000M}{chapter.4}% 19
\BOOKMARK [2][-]{subsection.4.2.1}{\376\377\005\340\005\331\005\341\005\325\005\327\000\040\005\324\005\320\005\350\005\333\005\331\005\330\005\347\005\330\005\325\005\350\005\324}{section.4.2}% 20
\BOOKMARK [2][-]{subsection.4.2.2}{\376\377\005\324\005\346\005\323\005\347\005\324\000\040\005\325\005\321\005\331\005\346\005\325\005\342\005\331\005\335}{section.4.2}% 21
\BOOKMARK [2][-]{subsection.4.2.3}{\376\377\005\351\005\331\005\347\005\325\005\334\005\331\005\335\000\040\005\336\005\342\005\351\005\331\005\331\005\335}{section.4.2}% 22
\BOOKMARK [0][-]{chapter.5}{\376\377\005\342\005\321\005\350\005\331\005\352\000\040\005\325\005\330\005\331\005\344\005\325\005\334\000\040\005\321\005\351\005\344\005\325\005\352\000\040\005\336\005\325\005\350\005\344\005\325\005\334\005\325\005\322\005\331\005\325\005\352\000\040\005\342\005\351\005\331\005\350\005\325\005\352}{}% 23
\BOOKMARK [1][-]{section.5.1}{\376\377\005\320\005\352\005\322\005\350\005\331\005\335\000\040\005\351\005\334\000\040\005\342\005\321\005\350\005\331\005\352\000:\000\040\005\336\005\325\005\350\005\344\005\325\005\334\005\325\005\322\005\331\005\324\000,\000\040\005\340\005\331\005\352\005\325\005\327\000\040\005\325\005\323\005\325\000-\005\336\005\351\005\336\005\342\005\325\005\352}{chapter.5}% 24
\BOOKMARK [1][-]{section.5.2}{\376\377\000A\000l\000e\000p\000h\000B\000E\000R\000T\000:\000\040\000B\000E\000R\000T\000\040\005\336\005\333\005\325\005\325\005\340\005\352\000\040\005\334\005\342\005\321\005\350\005\331\005\352}{chapter.5}% 25
\BOOKMARK [1][-]{section.5.3}{\376\377\005\321\005\331\005\346\005\325\005\342\005\331\005\335\000\040\005\325\005\324\005\351\005\325\005\325\005\320\005\324\000\040\005\334\005\320\005\350\005\333\005\331\005\330\005\347\005\330\005\325\005\350\005\325\005\352\000\040\005\320\005\327\005\350\005\325\005\352}{chapter.5}% 26
\BOOKMARK [0][-]{chapter.6}{\376\377\005\324\005\342\005\350\005\333\005\324\000\040\005\325\005\331\005\331\005\351\005\325\005\350\000\040\005\321\005\341\005\331\005\341\005\331}{}% 27
\BOOKMARK [1][-]{section.6.1}{\376\377\005\336\005\323\005\323\005\331\000\040\005\324\005\342\005\350\005\333\005\324\000\040\005\334\005\344\005\350\005\323\005\352\000\040\005\320\005\325\005\352\005\325\005\352}{chapter.6}% 28
\BOOKMARK [1][-]{section.6.2}{\376\377\005\324\005\351\005\325\005\325\005\320\005\324\000\040\005\321\005\331\005\337\000\040\005\342\005\331\005\321\005\325\005\323\000\040\005\347\005\334\005\320\005\341\005\331\000\040\005\334\005\321\005\331\005\337\000\040\005\334\005\336\005\331\005\323\005\324\000\040\005\342\005\336\005\325\005\347\005\324}{chapter.6}% 29
