\BOOKMARK [0][-]{chapter.1}{\376\377\005\336\005\321\005\325\005\320\000\040\005\334\005\320\005\321\005\330\005\327\005\352\000\040\005\351\005\350\005\351\005\350\005\352\000\040\005\324\005\320\005\341\005\344\005\347\005\324\000\040\005\321\005\342\005\331\005\323\005\337\000\040\005\324\005\341\005\325\005\333\005\340\005\331\005\335}{}% 1
\BOOKMARK [1][-]{section.1.1}{\376\377\005\342\005\334\005\331\005\331\005\352\005\337\000\040\005\351\005\334\000\040\005\336\005\342\005\350\005\333\005\325\005\352\000\040\005\341\005\325\005\333\005\340\005\331\005\335\000\040\005\320\005\325\005\330\005\325\005\336\005\330\005\331\005\325\005\352}{chapter.1}% 2
\BOOKMARK [1][-]{section.1.2}{\376\377\005\324\005\322\005\323\005\350\005\352\000\040\005\324\005\320\005\331\005\325\005\335}{chapter.1}% 3
\BOOKMARK [0][-]{chapter.2}{\376\377\005\336\005\325\005\323\005\334\000\040\005\324\005\320\005\331\005\325\005\335\000:\000\040\000C\000l\000a\000w\000H\000a\000v\000o\000c}{}% 4
\BOOKMARK [1][-]{section.2.1}{\376\377\005\325\005\347\005\330\005\325\005\350\005\331\000\040\005\324\005\352\005\347\005\344\005\324\000\040\005\321\005\346\005\331\005\340\005\325\005\350\005\325\005\352\000\040\005\341\005\325\005\333\005\340\005\331\005\335}{chapter.2}% 5
\BOOKMARK [1][-]{section.2.2}{\376\377\005\344\005\350\005\336\005\330\005\350\005\331\005\326\005\346\005\331\005\324\000\040\005\351\005\334\000\040\000C\000l\000a\000w\000H\000a\000v\000o\000c}{chapter.2}% 6
\BOOKMARK [0][-]{chapter.3}{\376\377\005\336\005\341\005\322\005\350\005\352\000\040\005\324\005\324\005\322\005\340\005\324\000:\000\040\000S\000k\000i\000l\000l\000S\000i\000e\000v\000e}{}% 7
\BOOKMARK [1][-]{section.3.1}{\376\377\005\342\005\347\005\350\005\325\005\340\005\325\005\352\000\040\005\324\005\342\005\331\005\346\005\325\005\321}{chapter.3}% 8
\BOOKMARK [1][-]{section.3.2}{\376\377\005\320\005\334\005\322\005\325\005\350\005\331\005\352\005\335\000\040\005\324\005\341\005\331\005\325\005\322}{chapter.3}% 9
\BOOKMARK [1][-]{section.3.3}{\376\377\005\320\005\331\005\340\005\330\005\322\005\350\005\346\005\331\005\324\000\040\005\342\005\335\000\040\000C\000r\000e\000w\000A\000I}{chapter.3}% 10
\BOOKMARK [0][-]{chapter.4}{\376\377\005\324\005\342\005\350\005\333\005\324\000\040\005\333\005\336\005\325\005\352\005\331\005\352}{}% 11
\BOOKMARK [1][-]{section.4.1}{\376\377\005\336\005\342\005\350\005\332\000\040\005\324\005\321\005\323\005\331\005\347\005\324}{chapter.4}% 12
\BOOKMARK [1][-]{section.4.2}{\376\377\005\336\005\323\005\323\005\331\000\040\005\321\005\331\005\346\005\325\005\342}{chapter.4}% 13
\BOOKMARK [1][-]{section.4.3}{\376\377\005\340\005\331\005\352\005\325\005\327\000\040\005\351\005\322\005\331\005\320\005\325\005\352}{chapter.4}% 14
\BOOKMARK [0][-]{chapter.5}{\376\377\005\322\005\350\005\343\000\040\005\321\005\331\005\346\005\325\005\342\005\331\005\335\000\040\005\325\005\323\005\331\005\325\005\337}{}% 15
\BOOKMARK [1][-]{section.5.1}{\376\377\005\340\005\331\005\352\005\325\005\327\000\040\005\342\005\347\005\325\005\336\005\352\000\040\000R\000O\000C}{chapter.5}% 16
\BOOKMARK [1][-]{section.5.2}{\376\377\005\342\005\334\005\325\005\352\000\040\005\321\005\331\005\346\005\325\005\342}{chapter.5}% 17
\BOOKMARK [0][-]{chapter.6}{\376\377\005\341\005\331\005\333\005\325\005\335\000\040\005\325\005\342\005\352\005\331\005\323\000\040\005\324\005\320\005\321\005\330\005\327\005\324\000\040\005\321\005\342\005\331\005\323\005\337\000\040\005\324\005\341\005\325\005\333\005\340\005\331\005\335}{}% 18
\BOOKMARK [1][-]{section.6.1}{\376\377\005\352\005\350\005\325\005\336\005\325\005\352}{chapter.6}% 19
\BOOKMARK [1][-]{section.6.2}{\376\377\005\324\005\336\005\334\005\346\005\325\005\352\000\040\005\336\005\342\005\351\005\331\005\325\005\352}{chapter.6}% 20
\BOOKMARK [1][-]{section.6.3}{\376\377\005\333\005\331\005\325\005\325\005\340\005\331\005\335\000\040\005\342\005\352\005\331\005\323\005\331\005\331\005\335}{chapter.6}% 21
\BOOKMARK [0][-]{chapter.7}{\376\377\005\340\005\331\005\352\005\325\005\327\000\040\005\336\005\347\005\350\005\331\000\040\005\320\005\336\005\352\000\040\005\325\005\320\005\341\005\344\005\347\005\330\005\331\005\335\000\040\005\336\005\351\005\344\005\330\005\331\005\331\005\335}{}% 22
\BOOKMARK [1][-]{section.7.1}{\376\377\005\336\005\347\005\350\005\324\000\040\005\321\005\325\005\327\005\337\000:\000\040\005\324\005\350\005\342\005\334\005\352\000\040\005\333\005\331\005\351\005\325\005\350\000\040\000S\000u\000m\000m\000a\000r\000i\000z\000e\000r}{chapter.7}% 23
\BOOKMARK [1][-]{section.7.2}{\376\377\005\324\005\351\005\334\005\333\005\325\005\352\000\040\005\336\005\351\005\344\005\330\005\331\005\325\005\352}{chapter.7}% 24
\BOOKMARK [0][-]{chapter.8}{\376\377\005\324\005\350\005\327\005\321\005\325\005\352\000\040\005\325\005\342\005\352\005\331\005\323\000\040\000S\000k\000i\000l\000l\000S\000i\000e\000v\000e}{}% 25
\BOOKMARK [1][-]{section.8.1}{\376\377\005\351\005\331\005\334\005\325\005\321\000\040\005\342\005\335\000\040\000S\000B\000O\000M\000\040\000\050\000S\000o\000f\000t\000w\000a\000r\000e\000\040\000B\000i\000l\000l\000\040\000o\000f\000\040\000M\000a\000t\000e\000r\000i\000a\000l\000s\000\051}{chapter.8}% 26
\BOOKMARK [1][-]{section.8.2}{\376\377\005\334\005\336\005\331\005\323\005\324\000\040\005\336\005\352\005\327\005\326\005\347\005\352\000\040\005\334\005\320\005\323\005\344\005\330\005\346\005\331\005\324}{chapter.8}% 27
\BOOKMARK [1][-]{section.8.3}{\376\377\005\341\005\331\005\333\005\325\005\335}{chapter.8}% 28
\BOOKMARK [0][-]{chapter.9}{\376\377\005\342\005\321\005\325\005\323\005\325\005\352\000\040\005\347\005\351\005\325\005\350\005\325\005\352\000:\000\040\005\320\005\321\005\330\005\327\005\352\000\040\000A\000I\000\040\005\325\005\351\005\350\005\351\005\350\005\352\000\040\005\320\005\341\005\344\005\347\005\324}{}% 29
\BOOKMARK [1][-]{section.9.1}{\376\377\005\320\005\331\005\325\005\336\005\331\005\335\000\040\005\342\005\334\000\040\005\336\005\325\005\323\005\334\005\331\000\040\000L\000L\000M}{chapter.9}% 30
\BOOKMARK [1][-]{section.9.2}{\376\377\005\324\005\326\005\350\005\347\005\352\000\040\005\344\005\350\005\325\005\336\005\344\005\330\000\040\005\342\005\347\005\331\005\344\005\324}{chapter.9}% 31
\BOOKMARK [1][-]{section.9.3}{\376\377\005\324\005\322\005\340\005\325\005\352\000\040\005\347\005\331\005\331\005\336\005\325\005\352}{chapter.9}% 32
\BOOKMARK [1][-]{section.9.4}{\376\377\005\320\005\321\005\330\005\327\005\352\000\040\005\351\005\350\005\351\005\350\005\352\000\040\005\320\005\341\005\344\005\347\005\324\000\040\005\352\005\325\005\333\005\340\005\324}{chapter.9}% 33
\BOOKMARK [1][-]{section.9.5}{\376\377\005\336\005\346\005\321\000\040\005\324\005\320\005\336\005\340\005\325\005\352}{chapter.9}% 34
\BOOKMARK [0][-]{chapter.10}{\376\377\005\340\005\341\005\344\005\327\000:\000\040\005\344\005\350\005\330\005\331\005\335\000\040\005\330\005\333\005\340\005\331\005\331\005\335\000\040\005\336\005\351\005\334\005\331\005\336\005\331\005\335}{}% 35
\BOOKMARK [1][-]{section.10.1}{\376\377\005\324\005\322\005\323\005\350\005\325\005\352\000\040\005\336\005\352\005\336\005\330\005\331\005\325\005\352\000\040\005\336\005\334\005\320\005\325\005\352}{chapter.10}% 36
\BOOKMARK [1][-]{section.10.2}{\376\377\005\344\005\350\005\330\005\331\000\040\005\336\005\331\005\336\005\325\005\351}{chapter.10}% 37
\BOOKMARK [1][-]{section.10.3}{\376\377\005\350\005\351\005\331\005\336\005\352\000\040\000H\000y\000p\000e\000r\000p\000a\000r\000a\000m\000e\000t\000e\000r\000s}{chapter.10}% 38
