\BOOKMARK [0][-]{chapter.1}{\376\377\005\336\005\321\005\325\005\320\000\040\005\334\005\327\005\331\005\326\005\325\005\331\000\040\005\330\005\325\005\350\005\331\000\040\005\326\005\336\005\337}{}% 1
\BOOKMARK [1][-]{section.1.1}{\376\377\005\327\005\331\005\326\005\325\005\331\000\040\005\330\005\325\005\350\005\331\000\040\005\326\005\336\005\337\000\040\005\325\005\320\005\352\005\322\005\350\005\331\005\325}{chapter.1}% 2
\BOOKMARK [1][-]{section.1.2}{\376\377\005\351\005\320\005\334\005\352\000\040\005\324\005\336\005\327\005\347\005\350}{chapter.1}% 3
\BOOKMARK [0][-]{chapter.2}{\376\377\005\320\005\350\005\333\005\331\005\330\005\347\005\330\005\325\005\350\005\325\005\352\000\040\000T\000r\000a\000n\000s\000f\000o\000r\000m\000e\000r\000\040\005\334\005\330\005\325\005\350\005\331\000\040\005\326\005\336\005\337}{}% 4
\BOOKMARK [1][-]{section.2.1}{\376\377\000P\000a\000t\000c\000h\000T\000S\000T}{chapter.2}% 5
\BOOKMARK [1][-]{section.2.2}{\376\377\000A\000u\000t\000o\000f\000o\000r\000m\000e\000r}{chapter.2}% 6
\BOOKMARK [1][-]{section.2.3}{\376\377\000F\000E\000D\000f\000o\000r\000m\000e\000r}{chapter.2}% 7
\BOOKMARK [0][-]{chapter.3}{\376\377\005\320\005\350\005\333\005\331\005\330\005\347\005\330\005\325\005\350\005\352\000\040\000x\000L\000S\000T\000M}{}% 8
\BOOKMARK [1][-]{section.3.1}{\376\377\005\336\005\325\005\330\005\331\005\321\005\346\005\331\005\324\000\040\005\325\005\350\005\347\005\342}{chapter.3}% 9
\BOOKMARK [2][-]{subsection.3.1.1}{\376\377\000s\000L\000S\000T\000M\000:\000\040\005\351\005\342\005\350\005\331\000\040\005\320\005\347\005\341\005\344\005\325\005\340\005\340\005\346\005\331\005\320\005\334}{section.3.1}% 10
\BOOKMARK [2][-]{subsection.3.1.2}{\376\377\000m\000L\000S\000T\000M\000:\000\040\005\326\005\331\005\333\005\350\005\325\005\337\000\040\005\336\005\330\005\350\005\331\005\346\005\324}{section.3.1}% 11
\BOOKMARK [0][-]{chapter.4}{\376\377\005\336\005\352\005\325\005\323\005\325\005\334\005\325\005\322\005\331\005\331\005\352\000\040\005\324\000B\000e\000n\000c\000h\000m\000a\000r\000k}{}% 12
\BOOKMARK [1][-]{section.4.1}{\376\377\005\336\005\342\005\350\005\333\005\331\000\040\005\324\005\340\005\352\005\325\005\340\005\331\005\335}{chapter.4}% 13
\BOOKMARK [1][-]{section.4.2}{\376\377\005\344\005\350\005\325\005\330\005\325\005\347\005\325\005\334\000\040\005\324\005\340\005\331\005\341\005\325\005\331}{chapter.4}% 14
\BOOKMARK [1][-]{section.4.3}{\376\377\005\324\005\322\005\323\005\350\005\325\005\352\000\040\005\324\005\331\005\344\005\350\000-\005\344\005\350\005\336\005\330\005\350\005\331\005\335}{chapter.4}% 15
\BOOKMARK [0][-]{chapter.5}{\376\377\005\352\005\325\005\346\005\320\005\325\005\352\000\040\005\325\005\324\005\351\005\325\005\325\005\320\005\324}{}% 16
\BOOKMARK [1][-]{section.5.1}{\376\377\005\352\005\325\005\346\005\320\005\325\005\352\000\040\005\333\005\336\005\325\005\352\005\331\005\325\005\352}{chapter.5}% 17
\BOOKMARK [1][-]{section.5.2}{\376\377\005\322\005\350\005\343\000\040\005\321\005\331\005\346\005\325\005\342\005\331\005\335}{chapter.5}% 18
\BOOKMARK [1][-]{section.5.3}{\376\377\005\340\005\331\005\352\005\325\005\327\000\040\005\331\005\342\005\331\005\334\005\325\005\352\000\040\005\327\005\331\005\351\005\325\005\321\005\331\005\352}{chapter.5}% 19
\BOOKMARK [0][-]{chapter.6}{\376\377\005\336\005\341\005\347\005\340\005\325\005\352\000\040\005\325\005\342\005\352\005\331\005\323\000\040\005\324\005\327\005\331\005\326\005\325\005\331}{}% 20
\BOOKMARK [1][-]{section.6.1}{\376\377\005\336\005\336\005\346\005\320\005\331\005\335\000\040\005\342\005\331\005\347\005\350\005\331\005\331\005\335}{chapter.6}% 21
\BOOKMARK [1][-]{section.6.2}{\376\377\005\336\005\322\005\321\005\334\005\325\005\352\000\040\005\325\005\342\005\321\005\325\005\323\005\324\000\040\005\342\005\352\005\331\005\323\005\331\005\352}{chapter.6}% 22
\BOOKMARK [0][-]{chapter.7}{\376\377\005\340\005\331\005\352\005\325\005\327\000\040\005\336\005\342\005\336\005\331\005\347\000:\000\040\005\336\005\340\005\322\005\340\005\325\005\340\005\331\000\040\005\326\005\331\005\333\005\350\005\325\005\337}{}% 23
\BOOKMARK [1][-]{section.7.1}{\376\377\005\336\005\330\005\350\005\331\005\346\005\352\000\040\005\326\005\331\005\333\005\350\005\325\005\337\000\040\005\334\005\342\005\325\005\336\005\352\000\040\005\347\005\351\005\321\000\040\005\350\005\321\000-\005\350\005\320\005\351\005\331}{chapter.7}% 24
\BOOKMARK [1][-]{section.7.2}{\376\377\005\351\005\331\005\347\005\325\005\334\005\331\000\040\000M\000e\000m\000o\000r\000y\000\040\000E\000f\000f\000i\000c\000i\000e\000n\000c\000y}{chapter.7}% 25
\BOOKMARK [0][-]{chapter.8}{\376\377\005\340\005\325\005\351\005\320\005\331\005\335\000\040\005\344\005\352\005\325\005\327\005\331\005\335\000\040\005\325\005\342\005\321\005\325\005\323\005\324\000\040\005\342\005\352\005\331\005\323\005\331\005\352}{}% 26
\BOOKMARK [1][-]{section.8.1}{\376\377\005\351\005\320\005\334\005\352\000\040\000I\000n\000-\000C\000o\000n\000t\000e\000x\000t\000\040\000L\000e\000a\000r\000n\000i\000n\000g}{chapter.8}% 27
\BOOKMARK [1][-]{section.8.2}{\376\377\005\320\005\350\005\333\005\331\005\330\005\347\005\330\005\325\005\350\005\324\000\040\005\324\005\331\005\321\005\350\005\331\005\323\005\331\005\352}{chapter.8}% 28
\BOOKMARK [1][-]{section.8.3}{\376\377\005\341\005\331\005\333\005\325\005\335\000\040\005\333\005\325\005\334\005\334}{chapter.8}% 29
\BOOKMARK [0][-]{chapter.9}{\376\377\005\342\005\321\005\325\005\323\005\325\005\352\000\040\005\347\005\351\005\325\005\350\005\325\005\352\000:\000\040\005\336\005\325\005\323\005\334\005\331\000\040\005\350\005\346\005\344\005\331\005\335}{}% 30
\BOOKMARK [1][-]{section.9.1}{\376\377\005\336\005\325\005\323\005\334\005\331\000\040\005\336\005\350\005\327\005\321\000\040\005\336\005\346\005\321\000\040\000\050\000S\000S\000M\000\051}{chapter.9}% 31
\BOOKMARK [1][-]{section.9.2}{\376\377\005\336\005\325\005\323\005\334\005\331\005\335\000\040\005\334\005\331\005\340\005\331\005\320\005\350\005\331\005\331\005\335}{chapter.9}% 32
\BOOKMARK [1][-]{section.9.3}{\376\377\005\320\005\350\005\333\005\331\005\330\005\347\005\330\005\325\005\350\005\325\005\352\000\040\005\336\005\321\005\325\005\341\005\341\005\325\005\352\000\040\000A\000t\000t\000e\000n\000t\000i\000o\000n\000\040\005\341\005\344\005\346\005\331\005\344\005\331\005\325\005\352\000\040\005\334\005\326\005\336\005\337}{chapter.9}% 33
\BOOKMARK [1][-]{section.9.4}{\376\377\005\324\005\351\005\325\005\325\005\320\005\324\000\040\005\350\005\327\005\321\005\324}{chapter.9}% 34
\BOOKMARK [0][-]{chapter.10}{\376\377\005\340\005\341\005\344\005\327\000:\000\040\005\344\005\350\005\330\005\331\005\335\000\040\005\330\005\333\005\340\005\331\005\331\005\335\000\040\005\336\005\351\005\334\005\331\005\336\005\331\005\335}{}% 35
\BOOKMARK [1][-]{section.10.1}{\376\377\005\324\005\322\005\323\005\350\005\325\005\352\000\040\005\336\005\352\005\336\005\330\005\331\005\325\005\352\000\040\005\336\005\334\005\320\005\325\005\352}{chapter.10}% 36
\BOOKMARK [1][-]{section.10.2}{\376\377\005\344\005\350\005\330\005\331\000\040\005\336\005\331\005\336\005\325\005\351}{chapter.10}% 37
\BOOKMARK [1][-]{section.10.3}{\376\377\005\350\005\351\005\331\005\336\005\352\000\040\000H\000y\000p\000e\000r\000p\000a\000r\000a\000m\000e\000t\000e\000r\000s}{chapter.10}% 38
