\BOOKMARK [0][-]{chapter.1}{\376\377\005\336\005\321\005\325\005\320\000\040\005\334\005\327\005\331\005\334\005\325\005\345\000\040\005\320\005\325\005\352\005\325\005\352\000\040\005\341\005\331\005\340\005\325\005\341\005\325\005\320\005\331\005\323\005\334\005\331\005\331\005\335}{}% 1
\BOOKMARK [1][-]{section.1.1}{\376\377\005\320\005\352\005\322\005\350\000\040\005\327\005\331\005\334\005\325\005\345\000\040\005\320\005\325\005\352\005\325\005\352\000\040\005\336\005\350\005\342\005\351}{chapter.1}% 2
\BOOKMARK [1][-]{section.1.2}{\376\377\005\331\005\331\005\351\005\325\005\336\005\331\005\335\000\040\005\336\005\342\005\351\005\331\005\331\005\335}{chapter.1}% 3
\BOOKMARK [1][-]{section.1.3}{\376\377\005\352\005\350\005\325\005\336\005\325\005\352\000\040\005\324\005\336\005\320\005\336\005\350}{chapter.1}% 4
\BOOKMARK [0][-]{chapter.2}{\376\377\005\336\005\325\005\323\005\334\000\040\005\336\005\352\005\336\005\330\005\331\000\040\005\351\005\334\000\040\005\320\005\325\005\352\005\325\005\352\000\040\005\336\005\342\005\325\005\350\005\321\005\321\005\331\005\335}{}% 5
\BOOKMARK [1][-]{section.2.1}{\376\377\005\324\005\322\005\323\005\350\005\352\000\040\005\324\005\321\005\342\005\331\005\324}{chapter.2}% 6
\BOOKMARK [1][-]{section.2.2}{\376\377\005\336\005\323\005\323\000\040\000S\000I\000-\000S\000N\000R}{chapter.2}% 7
\BOOKMARK [1][-]{section.2.3}{\376\377\005\331\005\331\005\346\005\325\005\322\000\040\005\341\005\344\005\347\005\330\005\350\005\325\005\322\005\350\005\336\005\324}{chapter.2}% 8
\BOOKMARK [0][-]{chapter.3}{\376\377\005\320\005\350\005\333\005\331\005\330\005\347\005\330\005\325\005\350\005\352\000\040\000B\000i\000L\000S\000T\000M\000\040\005\334\005\327\005\331\005\334\005\325\005\345\000\040\005\320\005\325\005\352\005\325\005\352}{}% 9
\BOOKMARK [1][-]{section.3.1}{\376\377\005\350\005\351\005\352\005\325\005\352\000\040\000L\000S\000T\000M\000\040\005\325\005\336\005\321\005\340\005\324\000\040\005\324\005\351\005\342\005\350\005\331\005\335}{chapter.3}% 10
\BOOKMARK [1][-]{section.3.2}{\376\377\005\320\005\350\005\333\005\331\005\330\005\347\005\330\005\325\005\350\005\352\000\040\000E\000n\000c\000o\000d\000e\000r\000-\000D\000e\000c\000o\000d\000e\000r\000\040\005\323\005\325\000-\005\333\005\331\005\325\005\325\005\340\005\331}{chapter.3}% 11
\BOOKMARK [1][-]{section.3.3}{\376\377\005\351\005\331\005\334\005\325\005\321\000\040\005\342\005\335\000\040\005\336\005\340\005\322\005\340\005\325\005\337\000\040\005\347\005\351\005\321}{chapter.3}% 12
\BOOKMARK [0][-]{chapter.4}{\376\377\005\320\005\331\005\336\005\325\005\337\000\040\005\325\005\320\005\325\005\344\005\330\005\331\005\336\005\331\005\326\005\346\005\331\005\324}{}% 13
\BOOKMARK [1][-]{section.4.1}{\376\377\005\340\005\352\005\325\005\340\005\331\000\040\005\320\005\331\005\336\005\325\005\337\000\040\005\341\005\331\005\340\005\352\005\330\005\331\005\331\005\335}{chapter.4}% 14
\BOOKMARK [1][-]{section.4.2}{\376\377\005\344\005\325\005\340\005\347\005\346\005\331\005\331\005\352\000\040\005\320\005\325\005\321\005\323\005\337\000\040\005\325\005\320\005\341\005\330\005\350\005\330\005\322\005\331\005\331\005\352\000\040\005\320\005\331\005\336\005\325\005\337}{chapter.4}% 15
\BOOKMARK [1][-]{section.4.3}{\376\377\005\350\005\322\005\325\005\334\005\350\005\331\005\326\005\346\005\331\005\324\000\040\005\325\005\336\005\340\005\331\005\342\005\352\000\040\005\324\005\352\005\320\005\336\005\352\000\040\005\331\005\352\005\350}{chapter.4}% 16
\BOOKMARK [0][-]{chapter.5}{\376\377\005\340\005\331\005\341\005\325\005\331\005\331\005\335\000\040\005\325\005\352\005\325\005\346\005\320\005\325\005\352}{}% 17
\BOOKMARK [1][-]{section.5.1}{\376\377\005\324\005\322\005\323\005\350\005\352\000\040\005\340\005\331\005\341\005\325\005\331\005\331\005\335}{chapter.5}% 18
\BOOKMARK [1][-]{section.5.2}{\376\377\005\352\005\325\005\346\005\320\005\325\005\352\000\040\005\333\005\336\005\325\005\352\005\331\005\325\005\352}{chapter.5}% 19
\BOOKMARK [1][-]{section.5.3}{\376\377\005\340\005\331\005\352\005\325\005\327\000\040\005\322\005\350\005\344\005\331}{chapter.5}% 20
\BOOKMARK [0][-]{chapter.6}{\376\377\005\341\005\331\005\333\005\325\005\335\000\040\005\325\005\342\005\321\005\325\005\323\005\324\000\040\005\342\005\352\005\331\005\323\005\331\005\352}{}% 21
\BOOKMARK [1][-]{section.6.1}{\376\377\005\352\005\350\005\325\005\336\005\325\005\352\000\040\005\324\005\336\005\327\005\347\005\350}{chapter.6}% 22
\BOOKMARK [1][-]{section.6.2}{\376\377\005\336\005\322\005\321\005\334\005\325\005\352}{chapter.6}% 23
\BOOKMARK [1][-]{section.6.3}{\376\377\005\333\005\331\005\325\005\325\005\340\005\331\005\335\000\040\005\342\005\352\005\331\005\323\005\331\005\331\005\335}{chapter.6}% 24
\BOOKMARK [0][-]{chapter.7}{\376\377\005\340\005\331\005\352\005\325\005\327\000\040\005\336\005\342\005\336\005\331\005\347\000\040\005\351\005\334\000\040\005\351\005\322\005\331\005\320\005\325\005\352\000\040\005\325\005\336\005\347\005\350\005\331\000\040\005\347\005\346\005\324}{}% 25
\BOOKMARK [1][-]{section.7.1}{\376\377\005\324\005\352\005\340\005\324\005\322\005\325\005\352\000\040\005\321\005\352\005\323\005\350\005\331\005\335\000\040\005\322\005\321\005\325\005\324\005\331\005\335}{chapter.7}% 26
\BOOKMARK [1][-]{section.7.2}{\376\377\005\324\005\351\005\325\005\325\005\320\005\324\000\040\005\342\005\335\000\040\005\322\005\331\005\351\005\325\005\352\000\040\005\341\005\344\005\347\005\330\005\350\005\334\005\331\005\325\005\352\000\040\005\347\005\334\005\320\005\341\005\331\005\325\005\352}{chapter.7}% 27
\BOOKMARK [1][-]{section.7.3}{\376\377\005\340\005\331\005\341\005\325\005\331\005\331\000\040\000A\000b\000l\000a\000t\000i\000o\000n}{chapter.7}% 28
\BOOKMARK [0][-]{chapter.8}{\376\377\005\331\005\331\005\351\005\325\005\336\005\331\005\335\000\040\005\325\005\336\005\341\005\347\005\340\005\325\005\352\000\040\005\340\005\325\005\341\005\344\005\325\005\352}{}% 29
\BOOKMARK [1][-]{section.8.1}{\376\377\005\331\005\331\005\351\005\325\005\335\000\040\005\334\005\342\005\331\005\321\005\325\005\323\000\040\000E\000C\000G}{chapter.8}% 30
\BOOKMARK [1][-]{section.8.2}{\376\377\005\333\005\331\005\325\005\325\005\340\005\331\000\040\005\351\005\331\005\344\005\325\005\350\000\040\005\320\005\323\005\350\005\331\005\333\005\334\005\331}{chapter.8}% 31
\BOOKMARK [1][-]{section.8.3}{\376\377\005\352\005\347\005\346\005\331\005\350\000\040\005\336\005\327\005\347\005\350}{chapter.8}% 32
\BOOKMARK [0][-]{chapter.9}{\376\377\005\342\005\321\005\325\005\323\005\325\005\352\000\040\005\347\005\351\005\325\005\350\005\325\005\352}{}% 33
\BOOKMARK [1][-]{section.9.1}{\376\377\005\327\005\331\005\334\005\325\005\345\000\040\005\320\005\325\005\352\005\325\005\352\000\040\005\321\005\351\005\331\005\330\005\325\005\352\000\040\005\347\005\334\005\320\005\341\005\331\005\325\005\352}{chapter.9}% 34
\BOOKMARK [1][-]{section.9.2}{\376\377\005\322\005\331\005\351\005\325\005\352\000\040\005\334\005\336\005\331\005\323\005\324\000\040\005\342\005\336\005\325\005\347\005\324\000\040\005\334\005\342\005\331\005\321\005\325\005\323\000\040\005\320\005\325\005\352\005\325\005\352}{chapter.9}% 35
\BOOKMARK [1][-]{section.9.3}{\376\377\005\351\005\331\005\330\005\325\005\352\000\040\005\336\005\351\005\325\005\334\005\321\005\325\005\352\000\040\005\342\005\335\000\040\005\336\005\340\005\322\005\340\005\325\005\340\005\331\000\040\005\347\005\351\005\321}{chapter.9}% 36
\BOOKMARK [1][-]{section.9.4}{\376\377\005\336\005\323\005\323\005\331\000\040\005\324\005\342\005\350\005\333\005\324\000\040\005\321\005\352\005\327\005\325\005\335}{chapter.9}% 37
\BOOKMARK [1][-]{section.9.5}{\376\377\005\324\005\351\005\325\005\325\005\320\005\324\000\040\005\336\005\347\005\331\005\344\005\324}{chapter.9}% 38
